// Jest Snapshot v1, https://goo.gl/fbAQLP

exports[`MyTrades renders trades correctly 1`] = `<DocumentFragment />`;
